src/App.tsx(20,1): error TS6133: 'ProfileModule' is declared but its value is never read.
src/components/AgencyExpiryReportPreview.tsx(2,13): error TS6133: 'Calendar' is declared but its value is never read.
src/components/AvisosModule.tsx(28,25): error TS6133: 'token' is declared but its value is never read.
src/components/CalendarModule.tsx(21,1): error TS6133: 'ReportType' is declared but its value is never read.
src/components/CalendarModule.tsx(63,15): error TS6133: 'year' is declared but its value is never read.
src/components/CalendarModule.tsx(64,15): error TS6133: 'month' is declared but its value is never read.
src/components/CalendarModule.tsx(91,29): error TS2367: This comparison appears to be unintentional because the types 'Category' and '"Futbol Sala"' have no overlap.
src/components/CalendarModule.tsx(98,55): error TS2367: This comparison appears to be unintentional because the types '"F├║tbol" | "Femenino" | "Entrenadores"' and '"Futbol Sala"' have no overlap.
src/components/ContactsView.tsx(2,75): error TS6133: 'Radio' is declared but its value is never read.
src/components/ContactsView.tsx(3,19): error TS6133: 'ContactCategory' is declared but its value is never read.
src/components/EconomicReportPreview.tsx(203,67): error TS6133: 'entry' is declared but its value is never read.
src/components/ErrorBoundary.tsx(2,8): error TS6133: 'React' is declared but its value is never read.
src/components/EventForm.tsx(2,13): error TS6133: 'Calendar' is declared but its value is never read.
src/components/EventForm.tsx(2,23): error TS6133: 'Clock' is declared but its value is never read.
src/components/EventForm.tsx(2,38): error TS6133: 'Users' is declared but its value is never read.
src/components/EventForm.tsx(3,64): error TS6133: 'where' is declared but its value is never read.
src/components/MediaManagerModal.tsx(2,58): error TS6133: 'ExternalLink' is declared but its value is never read.
src/components/NotificationCenter.tsx(8,5): error TS6133: 'AlertCircle' is declared but its value is never read.
src/components/PlayerForm.tsx(17,5): error TS6133: 'Eye' is declared but its value is never read.
src/components/PlayerForm_backup.tsx(83,39): error TS2339: Property 'sportsBrand' does not exist on type 'never'.
src/components/PlayerForm_backup.tsx(84,46): error TS2339: Property 'sportsBrandEndDate' does not exist on type 'never'.
src/components/PlayerForm_backup.tsx(85,37): error TS2339: Property 'selection' does not exist on type 'never'.
src/components/PlayerForm_backup.tsx(86,43): error TS2339: Property 'monitoringAgent' does not exist on type 'never'.
src/components/PlayerForm_backup.tsx(87,35): error TS2339: Property 'seasons' does not exist on type 'never'.
src/components/PlayerForm_backup.tsx(88,36): error TS2339: Property 'salaries' does not exist on type 'never'.
src/components/PlayerForm_backup.tsx(89,41): error TS2339: Property 'contractYears' does not exist on type 'never'.
src/components/PlayerForm_backup.tsx(90,40): error TS2339: Property 'customFields' does not exist on type 'never'.
src/components/PlayerForm_backup.tsx(91,37): error TS2339: Property 'documents' does not exist on type 'never'.
src/components/PlayerForm_backup.tsx(435,47): error TS2739: Type '{ id: `${string}-${string}-${string}-${string}-${string}`; year: string; salary: number; clubCommissionPct: number; playerCommissionPct: number; }' is missing the following properties from type 'ContractYear': clubCommissionType, playerCommissionType, clubPayment, playerPayment, globalStatus
src/components/PlayerModule.tsx(355,49): error TS6133: 'index' is declared but its value is never read.
src/components/PlayerModule.tsx(498,15): error TS6133: 'headers' is declared but its value is never read.
src/components/PlayerModule.tsx(628,11): error TS6133: 'TableHeader' is declared but its value is never read.
src/components/PlayerPortal.tsx(2,15): error TS6133: 'getDoc' is declared but its value is never read.
src/components/PlayerPortal.tsx(2,23): error TS6133: 'updateDoc' is declared but its value is never read.
src/components/PlayerPortal.tsx(2,34): error TS6133: 'arrayUnion' is declared but its value is never read.
src/components/PlayerPortal.tsx(9,5): error TS6133: 'Lock' is declared but its value is never read.
src/components/PlayerPortal.tsx(9,32): error TS6133: 'Upload' is declared but its value is never read.
src/components/PlayerPortal.tsx(323,22): error TS2339: Property 'value' does not exist on type 'EventTarget | (EventTarget & HTMLInputElement)'.
  Property 'value' does not exist on type 'EventTarget'.
src/components/PlayerPortal.tsx(1247,62): error TS2345: Argument of type '{ season: string; club: string; division: string; goals: number; }' is not assignable to parameter of type 'SetStateAction<{ season: string; club: string; division: string; matches: number; goals: number; cards: number; minutes: number; }>'.
  Type '{ season: string; club: string; division: string; goals: number; }' is missing the following properties from type '{ season: string; club: string; division: string; matches: number; goals: number; cards: number; minutes: number; }': matches, cards, minutes
src/components/PlayerReportForm.tsx(11,21): error TS2304: Cannot find name 'PlayerReport'.
src/components/PlayerReportForm.tsx(24,39): error TS6133: 'updatePlayer' is declared but its value is never read.
src/components/PortfolioPreview.tsx(2,13): error TS6133: 'TrendingUp' is declared but its value is never read.
src/components/PortfolioPreview.tsx(2,50): error TS6133: 'ExternalLink' is declared but its value is never read.
src/components/PortfolioPreview.tsx(3,28): error TS6133: 'Position' is declared but its value is never read.
src/components/ReportsModule.tsx(5,5): error TS6133: 'Filter' is declared but its value is never read.
src/components/ReportsModule.tsx(11,5): error TS6133: 'TrendingUp' is declared but its value is never read.
src/components/ReportsModule.tsx(18,1): error TS6133: 'EconomicReportPreview' is declared but its value is never read.
src/components/ScoutingMatchReport.tsx(20,5): error TS6133: 'userName' is declared but its value is never read.
src/components/ScoutingPreview.tsx(2,28): error TS6133: 'Calendar' is declared but its value is never read.
src/components/UsersModule.tsx(2,76): error TS6133: 'Copy' is declared but its value is never read.
src/components/UsersModule.tsx(14,47): error TS6133: 'updatePlayer' is declared but its value is never read.
src/utils/pdfGenerator.ts(46,28): error TS6133: 'e' is declared but its value is never read.
