src/components/Dashboard.tsx(5,5): error TS6133: 'Calendar' is declared but its value is never read.
src/components/Dashboard.tsx(18,5): error TS6133: 'PieChart' is declared but its value is never read.
src/components/Dashboard.tsx(19,5): error TS6133: 'Pie' is declared but its value is never read.
src/components/Dashboard.tsx(20,5): error TS6133: 'Cell' is declared but its value is never read.
src/components/Dashboard.tsx(73,11): error TS6133: 'PIE_COLORS' is declared but its value is never read.
src/components/PlayerForm.tsx(53,39): error TS2339: Property 'sportsBrand' does not exist on type 'never'.
src/components/PlayerForm.tsx(54,46): error TS2339: Property 'sportsBrandEndDate' does not exist on type 'never'.
src/components/PlayerForm.tsx(55,37): error TS2339: Property 'selection' does not exist on type 'never'.
src/components/PlayerForm.tsx(56,43): error TS2339: Property 'monitoringAgent' does not exist on type 'never'.
src/components/PlayerForm.tsx(57,35): error TS2339: Property 'seasons' does not exist on type 'never'.
src/components/PlayerForm.tsx(58,36): error TS2339: Property 'salaries' does not exist on type 'never'.
src/components/PlayerForm.tsx(59,40): error TS2339: Property 'customFields' does not exist on type 'never'.
src/components/PlayerForm.tsx(60,37): error TS2339: Property 'documents' does not exist on type 'never'.
src/components/ScoutingModule.tsx(3,5): error TS6133: 'TrendingUp' is declared but its value is never read.
src/components/ScoutingModule.tsx(6,5): error TS6133: 'ChevronRight' is declared but its value is never read.
src/components/ScoutingModule.tsx(10,5): error TS6133: 'ArrowUpDown' is declared but its value is never read.
